node.exe : FAIL 
tests/auth.test.ts 
(15.914 s)
At line:1 char:1
+ & "C:\Program Files\
nodejs/node.exe" 
"C:\Program 
Files\nodejs/node_mo 
...
+ ~~~~~~~~~~~~~~~~~~~~
~~~~~~~~~~~~~~~~~~~~~~
~~~~~~~~~~~~~~~~~~~~~~
~~~~~
    + CategoryInfo    
          : NotSpeci  
  fied: (FAIL tests   
 /auth.test.ts (15    
.914 s):String) [    
], RemoteExceptio    n
    + FullyQualifiedE 
   rrorId : NativeCo  
  mmandError
 
  Auth Endpoints
    POST 
/api/auth/register
      ├ù creates new 
user with valid 
credentials (5020 ms)
      ΓêÜ rejects 
registration with 
existing email (2998 
ms)
    POST 
/api/auth/login
      ├ù 
authenticates user 
with valid 
credentials (540 ms)
      ΓêÜ rejects 
login with wrong 
password (246 ms)
      ΓêÜ rejects 
login with 
non-existent email 
(244 ms)

  ΓùÅ Auth Endpoints 
ΓÇ║ POST 
/api/auth/register 
ΓÇ║ creates new user 
with valid credentials

    thrown: "Exceeded 
timeout of 5000 ms 
for a test.
    Add a timeout 
value to this test to 
increase the timeout, 
if this is a 
long-running test. 
See https://jestjs.io/
docs/api#testname-fn-t
imeout."

    [0m [90m 11 
|[39m     [90m// 
ΓöÇΓöÇ Test Case 1.1: 
User Registration 
with Valid Data 
ΓöÇΓöÇ[39m
     [90m 12 |[39m  
   
describe([32m'POST /a
pi/auth/register'[39m
[33m,[39m () 
[33m=>[39m {
    [31m[1m>[22m[3
9m[90m 13 |[39m     
    
test([32m'creates 
new user with valid cr
edentials'[39m[33m,
[39m [36masync[39m 
() [33m=>[39m {
     [90m    |[39m  
       
[31m[1m^[22m[39m
     [90m 14 |[39m  
           
[36mconst[39m 
response [33m=[39m 
[36mawait[39m axios
[33m.[39mpost([32m`$
{API}/auth/register`[
39m[33m,[39m {
     [90m 15 |[39m  
               
email[33m:[39m 
testEmail[33m,[39m
     [90m 16 |[39m  
               
password[33m:[39m te
stPassword[33m,[39m
[0m

      at tests/auth.te
st.ts:13:9
      at tests/auth.te
st.ts:12:5
      at 
Object.<anonymous> (te
sts/auth.test.ts:9:1)

  ΓùÅ Auth Endpoints 
ΓÇ║ POST 
/api/auth/login ΓÇ║ 
authenticates user 
with valid credentials

    AxiosError: 
Request failed with 
status code 401

      at settle (node_
modules/axios/lib/core
/settle.js:19:12)
      at IncomingMessa
ge.handleStreamEnd (no
de_modules/axios/lib/a
dapters/http.js:798:11
)
      at 
Axios.request (node_mo
dules/axios/lib/core/A
xios.js:45:41)

Test Suites: 1 
failed, 1 total
Tests:       2 
failed, 3 passed, 5 
total
Snapshots:   0 total
Time:        16.604 s
Ran all test suites 
matching 
tests/auth.test.ts.
Force exiting Jest: 
Have you considered 
using 
`--detectOpenHandles` 
to detect async 
operations that kept 
running after all 
tests finished?
